Archive member included to satisfy reference by file (symbol)

C:\Users\student\Documents\MCUXpressoIDE_10.3.0_2200\workspace\lpc_board_nxp_lpcxpresso_1347\Debug\liblpc_board_nxp_lpcxpresso_1347.a(board.o)
                              ./src/sp.o (Board_LED_Set)
C:\Users\student\Documents\MCUXpressoIDE_10.3.0_2200\workspace\lpc_board_nxp_lpcxpresso_1347\Debug\liblpc_board_nxp_lpcxpresso_1347.a(board_sysinit.o)
                              ./src/sysinit.o (Board_SystemInit)
C:\Users\student\Documents\MCUXpressoIDE_10.3.0_2200\workspace\lpc_chip_13xx\Debug\liblpc_chip_13xx.a(chip_13xx.o)
                              ./src/sp.o (SystemCoreClockUpdate)
C:\Users\student\Documents\MCUXpressoIDE_10.3.0_2200\workspace\lpc_chip_13xx\Debug\liblpc_chip_13xx.a(clock_13xx.o)
                              C:\Users\student\Documents\MCUXpressoIDE_10.3.0_2200\workspace\lpc_chip_13xx\Debug\liblpc_chip_13xx.a(chip_13xx.o) (Chip_Clock_SetUSBPLLSource)
C:\Users\student\Documents\MCUXpressoIDE_10.3.0_2200\workspace\lpc_chip_13xx\Debug\liblpc_chip_13xx.a(gpio_13xx_1.o)
                              C:\Users\student\Documents\MCUXpressoIDE_10.3.0_2200\workspace\lpc_board_nxp_lpcxpresso_1347\Debug\liblpc_board_nxp_lpcxpresso_1347.a(board.o) (Chip_GPIO_Init)
C:\Users\student\Documents\MCUXpressoIDE_10.3.0_2200\workspace\lpc_chip_13xx\Debug\liblpc_chip_13xx.a(iocon_13xx.o)
                              ./src/oled.o (Chip_IOCON_PinMuxSet)
C:\Users\student\Documents\MCUXpressoIDE_10.3.0_2200\workspace\lpc_chip_13xx\Debug\liblpc_chip_13xx.a(ssp_13xx.o)
                              ./src/oled.o (Chip_SSP_SetClockRate)
C:\Users\student\Documents\MCUXpressoIDE_10.3.0_2200\workspace\lpc_chip_13xx\Debug\liblpc_chip_13xx.a(sysctl_13xx.o)
                              C:\Users\student\Documents\MCUXpressoIDE_10.3.0_2200\workspace\lpc_chip_13xx\Debug\liblpc_chip_13xx.a(chip_13xx.o) (Chip_SYSCTL_PowerUp)
C:\Users\student\Documents\MCUXpressoIDE_10.3.0_2200\workspace\lpc_chip_13xx\Debug\liblpc_chip_13xx.a(sysinit_13xx.o)
                              C:\Users\student\Documents\MCUXpressoIDE_10.3.0_2200\workspace\lpc_board_nxp_lpcxpresso_1347\Debug\liblpc_board_nxp_lpcxpresso_1347.a(board_sysinit.o) (Chip_SetupXtalClocking)
c:/nxp/mcuxpressoide_10.3.0_2200/ide/plugins/com.nxp.mcuxpresso.tools.win32_10.3.0.201811011841/tools/bin/../lib/gcc/arm-none-eabi/7.3.1/../../../../arm-none-eabi/lib/thumb/v7-m\libcr_c.a(__weak__main.o)
                              ./src/cr_startup_lpc13uxx.o (__main)
c:/nxp/mcuxpressoide_10.3.0_2200/ide/plugins/com.nxp.mcuxpresso.tools.win32_10.3.0.201811011841/tools/bin/../lib/gcc/arm-none-eabi/7.3.1/../../../../arm-none-eabi/lib/thumb/v7-m\libcr_c.a(cr_time.o)
                              ./src/sp.o (time)
c:/nxp/mcuxpressoide_10.3.0_2200/ide/plugins/com.nxp.mcuxpresso.tools.win32_10.3.0.201811011841/tools/bin/../lib/gcc/arm-none-eabi/7.3.1/../../../../arm-none-eabi/lib/thumb/v7-m\libcr_c.a(fpprintf.o)
                              ./src/sp.o (sprintf)
c:/nxp/mcuxpressoide_10.3.0_2200/ide/plugins/com.nxp.mcuxpresso.tools.win32_10.3.0.201811011841/tools/bin/../lib/gcc/arm-none-eabi/7.3.1/../../../../arm-none-eabi/lib/thumb/v7-m\libcr_c.a(printf.o)
                              c:/nxp/mcuxpressoide_10.3.0_2200/ide/plugins/com.nxp.mcuxpresso.tools.win32_10.3.0.201811011841/tools/bin/../lib/gcc/arm-none-eabi/7.3.1/../../../../arm-none-eabi/lib/thumb/v7-m\libcr_c.a(fpprintf.o) (__vfprintf)
c:/nxp/mcuxpressoide_10.3.0_2200/ide/plugins/com.nxp.mcuxpresso.tools.win32_10.3.0.201811011841/tools/bin/../lib/gcc/arm-none-eabi/7.3.1/../../../../arm-none-eabi/lib/thumb/v7-m\libcr_c.a(stdlib.o)
                              ./src/oled.o (abs)
c:/nxp/mcuxpressoide_10.3.0_2200/ide/plugins/com.nxp.mcuxpresso.tools.win32_10.3.0.201811011841/tools/bin/../lib/gcc/arm-none-eabi/7.3.1/../../../../arm-none-eabi/lib/thumb/v7-m\libcr_c.a(strlen.o)
                              c:/nxp/mcuxpressoide_10.3.0_2200/ide/plugins/com.nxp.mcuxpresso.tools.win32_10.3.0.201811011841/tools/bin/../lib/gcc/arm-none-eabi/7.3.1/../../../../arm-none-eabi/lib/thumb/v7-m\libcr_c.a(printf.o) (strlen)
c:/nxp/mcuxpressoide_10.3.0_2200/ide/plugins/com.nxp.mcuxpresso.tools.win32_10.3.0.201811011841/tools/bin/../lib/gcc/arm-none-eabi/7.3.1/../../../../arm-none-eabi/lib/thumb/v7-m\libcr_c.a(time.o)
                              ./src/sp.o (localtime)
c:/nxp/mcuxpressoide_10.3.0_2200/ide/plugins/com.nxp.mcuxpresso.tools.win32_10.3.0.201811011841/tools/bin/../lib/gcc/arm-none-eabi/7.3.1/../../../../arm-none-eabi/lib/thumb/v7-m\libcr_c.a(memset.o)
                              c:/nxp/mcuxpressoide_10.3.0_2200/ide/plugins/com.nxp.mcuxpresso.tools.win32_10.3.0.201811011841/tools/bin/../lib/gcc/arm-none-eabi/7.3.1/../../../../arm-none-eabi/lib/thumb/v7-m\libcr_c.a(fpprintf.o) (memset)
[...]
Memory Configuration

Name             Origin             Length             Attributes
MFlash64         0x00000000         0x00010000         xr
RamLoc8          0x10000000         0x00002000         xrw
RamUsb2          0x20004000         0x00000800         xrw
RamPeriph2       0x20000000         0x00000800         xrw
*default*        0x00000000         0xffffffff

Linker script and memory map

LOAD ./src/cr_startup_lpc13uxx.o
LOAD ./src/crp.o
LOAD ./src/oled.o
LOAD ./src/sp.o
LOAD ./src/sysinit.o
LOAD C:\Users\student\Documents\MCUXpressoIDE_10.3.0_2200\workspace\lpc_board_nxp_lpcxpresso_1347\Debug\liblpc_board_nxp_lpcxpresso_1347.a
LOAD C:\Users\student\Documents\MCUXpressoIDE_10.3.0_2200\workspace\lpc_chip_13xx\Debug\liblpc_chip_13xx.a
START GROUP
LOAD c:/nxp/mcuxpressoide_10.3.0_2200/ide/plugins/com.nxp.mcuxpresso.tools.win32_10.3.0.201811011841/tools/bin/../lib/gcc/arm-none-eabi/7.3.1/../../../../arm-none-eabi/lib/thumb/v7-m\libcr_c.a
LOAD c:/nxp/mcuxpressoide_10.3.0_2200/ide/plugins/com.nxp.mcuxpresso.tools.win32_10.3.0.201811011841/tools/bin/../lib/gcc/arm-none-eabi/7.3.1/thumb/v7-m\libcr_eabihelpers.a
END GROUP
                0x00000000                __base_MFlash64 = 0x0
                0x00000000                __base_Flash = 0x0
                0x00010000                __top_MFlash64 = 0x10000
                0x00010000                __top_Flash = 0x10000
                0x10000000                __base_RamLoc8 = 0x10000000
                0x10000000                __base_RAM = 0x10000000
                0x10002000                __top_RamLoc8 = 0x10002000
                0x10002000                __top_RAM = 0x10002000
                0x20004000                __base_RamUsb2 = 0x20004000
                0x20004000                __base_RAM2 = 0x20004000
                0x20004800                __top_RamUsb2 = 0x20004800
                0x20004800                __top_RAM2 = 0x20004800
                0x20000000                __base_RamPeriph2 = 0x20000000
                0x20000000                __base_RAM3 = 0x20000000
                0x20000800                __top_RamPeriph2 = 0x20000800
                0x20000800                __top_RAM3 = 0x20000800

.text           0x00000000     0x39e8
 FILL mask 0xff
                0x00000000                __vectors_start__ = ABSOLUTE (.)
 *(.isr_vector)
 .isr_vector    0x00000000       0xc0 ./src/cr_startup_lpc13uxx.o
                0x00000000                g_pfnVectors
                0x000000c0                . = ALIGN (0x4)
                0x000000c0                __section_table_start = .
                0x000000c0                __data_section_table = .
                0x000000c0        0x4 LONG 0x39e8 LOADADDR (.data)
                0x000000c4        0x4 LONG 0x10000000 ADDR (.data)
                0x000000c8        0x4 LONG 0x0 SIZEOF (.data)
                0x000000cc        0x4 LONG 0x39e8 LOADADDR (.data_RAM2)
                0x000000d0        0x4 LONG 0x20004000 ADDR (.data_RAM2)
                0x000000d4        0x4 LONG 0x0 SIZEOF (.data_RAM2)
                0x000000d8        0x4 LONG 0x39e8 LOADADDR (.data_RAM3)
                0x000000dc        0x4 LONG 0x20000000 ADDR (.data_RAM3)
                0x000000e0        0x4 LONG 0x0 SIZEOF (.data_RAM3)
                0x000000e4                __data_section_table_end = .
                0x000000e4                __bss_section_table = .
                0x000000e4        0x4 LONG 0x10000000 ADDR (.bss)
                0x000000e8        0x4 LONG 0x454 SIZEOF (.bss)
                0x000000ec        0x4 LONG 0x20004000 ADDR (.bss_RAM2)
                0x000000f0        0x4 LONG 0x0 SIZEOF (.bss_RAM2)
                0x000000f4        0x4 LONG 0x20000000 ADDR (.bss_RAM3)
                0x000000f8        0x4 LONG 0x0 SIZEOF (.bss_RAM3)
                0x000000fc                __bss_section_table_end = .
                0x000000fc                __section_table_end = .
 *(.after_vectors*)
 .after_vectors
                0x000000fc      0x13c ./src/cr_startup_lpc13uxx.o
                0x000000fc                data_init
                0x0000013e                bss_init
                0x00000174                ResetISR
                0x000001fc                NMI_Handler
                0x00000202                HardFault_Handler
                0x00000208                MemManage_Handler
                0x0000020e                BusFault_Handler
                0x00000214                UsageFault_Handler
                0x0000021a                SVC_Handler
                0x00000220                DebugMon_Handler
                0x00000226                PendSV_Handler
                0x0000022c                SysTick_Handler
                0x00000232                TIMER32_1_IRQHandler
                0x00000232                PIN_INT6_IRQHandler
                0x00000232                IntDefaultHandler
                0x00000232                PIN_INT4_IRQHandler
                0x00000232                SSP0_IRQHandler
                0x00000232                USBWakeup_IRQHandler
                0x00000232                RIT_IRQHandler
                0x00000232                PVTCIRCUIT_IRQHandler
                0x00000232                TIMER32_0_IRQHandler
                0x00000232                PIN_INT2_IRQHandler
                0x00000232                TIMER16_1_IRQHandler
                0x00000232                USB_FIQHandler
                0x00000232                ADC_IRQHandler
                0x00000232                SSP1_IRQHandler
                0x00000232                PIN_INT7_IRQHandler
                0x00000232                PIN_INT1_IRQHandler
                0x00000232                USB_IRQHandler
                0x00000232                BOD_IRQHandler
                0x00000232                I2C_IRQHandler
                0x00000232                OSCFAIL_IRQHandler
                0x00000232                WDT_IRQHandler
                0x00000232                UART_IRQHandler
                0x00000232                PIN_INT0_IRQHandler
                0x00000232                GINT0_IRQHandler
                0x00000232                PIN_INT5_IRQHandler
                0x00000232                PIN_INT3_IRQHandler
                0x00000232                TIMER16_0_IRQHandler
                0x00000232                FMC_IRQHandler
                0x00000232                GINT1_IRQHandler
                0x000002fc                . = 0x2fc
 *fill*         0x00000238       0xc4 ff
                0x000002fc                PROVIDE (__CRP_WORD_START__ = .)
 *(.crp)
 .crp           0x000002fc        0x4 ./src/crp.o
                0x000002fc                CRP_WORD
                0x00000300                PROVIDE (__CRP_WORD_END__ = .)
                0x00000001                ASSERT (! ((__CRP_WORD_START__ == __CRP_WORD_END__)), Linker CRP Enabled, but no CRP_WORD provided within application)
 *(.text*)
 .text.Chip_SSP_Enable
                0x00000300       0x1e ./src/oled.o
 .text.Chip_SSP_GetStatus
                0x0000031e       0x28 ./src/oled.o
 .text.Chip_SSP_SendFrame
                0x00000346       0x1c ./src/oled.o
 .text.Chip_SSP_SetFormat
                0x00000362       0x30 ./src/oled.o
 .text.Chip_GPIO_WritePortBit
                0x00000392       0x32 ./src/oled.o
 .text.OLED_Write_Byte
                0x000003c4       0x98 ./src/oled.o
                0x000003c4                OLED_Write_Byte
 .text.OLED_Refresh_Gram
                0x0000045c       0x6c ./src/oled.o
                0x0000045c                OLED_Refresh_Gram
 .text.OLED_Clear_Screen
                0x000004c8       0x6c ./src/oled.o
                0x000004c8                OLED_Clear_Screen
 .text.OLED_Draw_Point
                0x00000534       0xa8 ./src/oled.o
                0x00000534                OLED_Draw_Point
 .text.OLED_Draw_Line
                0x000005dc      0x18c ./src/oled.o
                0x000005dc                OLED_Draw_Line
 .text.OLED_Puts
                0x00000768       0xa8 ./src/oled.o
                0x00000768                OLED_Puts
 .text.OLED_Init
                0x00000810      0x16c ./src/oled.o
                0x00000810                OLED_Init
 .text.main     0x0000097c       0xb0 ./src/sp.o
                0x0000097c                main
 .text.SystemInit
                0x00000a2c        0xc ./src/sysinit.o
                0x00000a2c                SystemInit
 .text.Chip_GPIO_WritePortBit
                0x00000a38       0x32 C:\Users\student\Documents\MCUXpressoIDE_10.3.0_2200\workspace\lpc_board_nxp_lpcxpresso_1347\Debug\liblpc_board_nxp_lpcxpresso_1347.a(board.o)
 .text.__sys_write
                0x00000a6a       0x18 C:\Users\student\Documents\MCUXpressoIDE_10.3.0_2200\workspace\lpc_board_nxp_lpcxpresso_1347\Debug\liblpc_board_nxp_lpcxpresso_1347.a(board.o)
                0x00000a6a                __sys_write
 .text.Board_LED_Init
                0x00000a82       0x16 C:\Users\student\Documents\MCUXpressoIDE_10.3.0_2200\workspace\lpc_board_nxp_lpcxpresso_1347\Debug\liblpc_board_nxp_lpcxpresso_1347.a(board.o)
 .text.Board_LED_Set
                0x00000a98       0x2c C:\Users\student\Documents\MCUXpressoIDE_10.3.0_2200\workspace\lpc_board_nxp_lpcxpresso_1347\Debug\liblpc_board_nxp_lpcxpresso_1347.a(board.o)
                0x00000a98                Board_LED_Set
 .text.Board_Init
                0x00000ac4       0x14 C:\Users\student\Documents\MCUXpressoIDE_10.3.0_2200\workspace\lpc_board_nxp_lpcxpresso_1347\Debug\liblpc_board_nxp_lpcxpresso_1347.a(board.o)
                0x00000ac4                Board_Init
 .text.Chip_SYSCTL_Map
                0x00000ad8       0x20 C:\Users\student\Documents\MCUXpressoIDE_10.3.0_2200\workspace\lpc_board_nxp_lpcxpresso_1347\Debug\liblpc_board_nxp_lpcxpresso_1347.a(board_sysinit.o)
 .text.Chip_Clock_EnablePeriphClock
                0x00000af8       0x30 C:\Users\student\Documents\MCUXpressoIDE_10.3.0_2200\workspace\lpc_board_nxp_lpcxpresso_1347\Debug\liblpc_board_nxp_lpcxpresso_1347.a(board_sysinit.o)
 .text.Chip_IOCON_SetPinMuxing
                0x00000b28       0x4e C:\Users\student\Documents\MCUXpressoIDE_10.3.0_2200\workspace\lpc_board_nxp_lpcxpresso_1347\Debug\liblpc_board_nxp_lpcxpresso_1347.a(board_sysinit.o)
 *fill*         0x00000b76        0x2 ff
 .text.Board_SetupMuxing
                0x00000b78       0x20 C:\Users\student\Documents\MCUXpressoIDE_10.3.0_2200\workspace\lpc_board_nxp_lpcxpresso_1347\Debug\liblpc_board_nxp_lpcxpresso_1347.a(board_sysinit.o)
                0x00000b78                Board_SetupMuxing
 .text.Board_SetupClocking
                0x00000b98        0xc C:\Users\student\Documents\MCUXpressoIDE_10.3.0_2200\workspace\lpc_board_nxp_lpcxpresso_1347\Debug\liblpc_board_nxp_lpcxpresso_1347.a(board_sysinit.o)
                0x00000b98                Board_SetupClocking
 .text.Board_SystemInit
                0x00000ba4       0x16 C:\Users\student\Documents\MCUXpressoIDE_10.3.0_2200\workspace\lpc_board_nxp_lpcxpresso_1347\Debug\liblpc_board_nxp_lpcxpresso_1347.a(board_sysinit.o)
                0x00000ba4                Board_SystemInit
 *fill*         0x00000bba        0x2 ff
 .text.SystemCoreClockUpdate
                0x00000bbc       0x18 C:\Users\student\Documents\MCUXpressoIDE_10.3.0_2200\workspace\lpc_chip_13xx\Debug\liblpc_chip_13xx.a(chip_13xx.o)
                0x00000bbc                SystemCoreClockUpdate
 .text.Chip_Clock_GetMainOscRate
                0x00000bd4       0x14 C:\Users\student\Documents\MCUXpressoIDE_10.3.0_2200\workspace\lpc_chip_13xx\Debug\liblpc_chip_13xx.a(clock_13xx.o)
 .text.Chip_Clock_GetIntOscRate
                0x00000be8       0x14 C:\Users\student\Documents\MCUXpressoIDE_10.3.0_2200\workspace\lpc_chip_13xx\Debug\liblpc_chip_13xx.a(clock_13xx.o)
 .text.Chip_Clock_GetWDTLFORate
                0x00000bfc       0x3c C:\Users\student\Documents\MCUXpressoIDE_10.3.0_2200\workspace\lpc_chip_13xx\Debug\liblpc_chip_13xx.a(clock_13xx.o)
 .text.Chip_Clock_GetPLLFreq
                0x00000c38       0x26 C:\Users\student\Documents\MCUXpressoIDE_10.3.0_2200\workspace\lpc_chip_13xx\Debug\liblpc_chip_13xx.a(clock_13xx.o)
 *fill*         0x00000c5e        0x2 ff
 .text.Chip_Clock_SetSystemPLLSource
                0x00000c60       0x20 C:\Users\student\Documents\MCUXpressoIDE_10.3.0_2200\workspace\lpc_chip_13xx\Debug\liblpc_chip_13xx.a(clock_13xx.o)
                0x00000c60                Chip_Clock_SetSystemPLLSource
 .text.Chip_Clock_SetMainClockSource
                0x00000c80       0x20 C:\Users\student\Documents\MCUXpressoIDE_10.3.0_2200\workspace\lpc_chip_13xx\Debug\liblpc_chip_13xx.a(clock_13xx.o)
                0x00000c80                Chip_Clock_SetMainClockSource
 .text.Chip_Clock_GetWDTOSCRate
                0x00000ca0       0x18 C:\Users\student\Documents\MCUXpressoIDE_10.3.0_2200\workspace\lpc_chip_13xx\Debug\liblpc_chip_13xx.a(clock_13xx.o)
                0x00000ca0                Chip_Clock_GetWDTOSCRate
 .text.Chip_Clock_GetSystemPLLInClockRate
                0x00000cb8       0x3c C:\Users\student\Documents\MCUXpressoIDE_10.3.0_2200\workspace\lpc_chip_13xx\Debug\liblpc_chip_13xx.a(clock_13xx.o)
                0x00000cb8                Chip_Clock_GetSystemPLLInClockRate
 .text.Chip_Clock_GetSystemPLLOutClockRate
                0x00000cf4       0x20 C:\Users\student\Documents\MCUXpressoIDE_10.3.0_2200\workspace\lpc_chip_13xx\Debug\liblpc_chip_13xx.a(clock_13xx.o)
                0x00000cf4                Chip_Clock_GetSystemPLLOutClockRate
 .text.Chip_Clock_GetMainClockRate
                0x00000d14       0x60 C:\Users\student\Documents\MCUXpressoIDE_10.3.0_2200\workspace\lpc_chip_13xx\Debug\liblpc_chip_13xx.a(clock_13xx.o)
                0x00000d14                Chip_Clock_GetMainClockRate
 .text.Chip_Clock_GetSystemClockRate
                0x00000d74       0x1c C:\Users\student\Documents\MCUXpressoIDE_10.3.0_2200\workspace\lpc_chip_13xx\Debug\liblpc_chip_13xx.a(clock_13xx.o)
                0x00000d74                Chip_Clock_GetSystemClockRate
 .text.Chip_Clock_EnablePeriphClock
                0x00000d90       0x30 C:\Users\student\Documents\MCUXpressoIDE_10.3.0_2200\workspace\lpc_chip_13xx\Debug\liblpc_chip_13xx.a(gpio_13xx_1.o)
 .text.Chip_GPIO_Init
                0x00000dc0       0x16 C:\Users\student\Documents\MCUXpressoIDE_10.3.0_2200\workspace\lpc_chip_13xx\Debug\liblpc_chip_13xx.a(gpio_13xx_1.o)
                0x00000dc0                Chip_GPIO_Init
 .text.Chip_GPIO_WriteDirBit
                0x00000dd6       0x72 C:\Users\student\Documents\MCUXpressoIDE_10.3.0_2200\workspace\lpc_chip_13xx\Debug\liblpc_chip_13xx.a(gpio_13xx_1.o)
                0x00000dd6                Chip_GPIO_WriteDirBit
 .text.Chip_IOCON_PinMuxSet
                0x00000e48       0x3a C:\Users\student\Documents\MCUXpressoIDE_10.3.0_2200\workspace\lpc_chip_13xx\Debug\liblpc_chip_13xx.a(iocon_13xx.o)
                0x00000e48                Chip_IOCON_PinMuxSet
 *fill*         0x00000e82        0x2 ff
 .text.Chip_SYSCTL_AssertPeriphReset
                0x00000e84       0x30 C:\Users\student\Documents\MCUXpressoIDE_10.3.0_2200\workspace\lpc_chip_13xx\Debug\liblpc_chip_13xx.a(ssp_13xx.o)
 .text.Chip_SYSCTL_DeassertPeriphReset
                0x00000eb4       0x2c C:\Users\student\Documents\MCUXpressoIDE_10.3.0_2200\workspace\lpc_chip_13xx\Debug\liblpc_chip_13xx.a(ssp_13xx.o)
 .text.Chip_SYSCTL_PeriphReset
                0x00000ee0       0x22 C:\Users\student\Documents\MCUXpressoIDE_10.3.0_2200\workspace\lpc_chip_13xx\Debug\liblpc_chip_13xx.a(ssp_13xx.o)
 *fill*         0x00000f02        0x2 ff
 .text.Chip_Clock_EnablePeriphClock
                0x00000f04       0x30 C:\Users\student\Documents\MCUXpressoIDE_10.3.0_2200\workspace\lpc_chip_13xx\Debug\liblpc_chip_13xx.a(ssp_13xx.o)
 .text.Chip_Clock_SetSSP0ClockDiv
                0x00000f34       0x20 C:\Users\student\Documents\MCUXpressoIDE_10.3.0_2200\workspace\lpc_chip_13xx\Debug\liblpc_chip_13xx.a(ssp_13xx.o)
 .text.Chip_Clock_GetSSP0ClockDiv
                0x00000f54       0x18 C:\Users\student\Documents\MCUXpressoIDE_10.3.0_2200\workspace\lpc_chip_13xx\Debug\liblpc_chip_13xx.a(ssp_13xx.o)
 .text.Chip_Clock_SetSSP1ClockDiv
                0x00000f6c       0x20 C:\Users\student\Documents\MCUXpressoIDE_10.3.0_2200\workspace\lpc_chip_13xx\Debug\liblpc_chip_13xx.a(ssp_13xx.o)
 .text.Chip_Clock_GetSSP1ClockDiv
                0x00000f8c       0x18 C:\Users\student\Documents\MCUXpressoIDE_10.3.0_2200\workspace\lpc_chip_13xx\Debug\liblpc_chip_13xx.a(ssp_13xx.o)
 .text.Chip_SSP_SetFormat
                0x00000fa4       0x30 C:\Users\student\Documents\MCUXpressoIDE_10.3.0_2200\workspace\lpc_chip_13xx\Debug\liblpc_chip_13xx.a(ssp_13xx.o)
 .text.Chip_SSP_Set_Mode
                0x00000fd4       0x24 C:\Users\student\Documents\MCUXpressoIDE_10.3.0_2200\workspace\lpc_chip_13xx\Debug\liblpc_chip_13xx.a(ssp_13xx.o)
 .text.Chip_SSP_GetClockIndex
                0x00000ff8       0x2c C:\Users\student\Documents\MCUXpressoIDE_10.3.0_2200\workspace\lpc_chip_13xx\Debug\liblpc_chip_13xx.a(ssp_13xx.o)
 .text.Chip_SSP_GetResetIndex
                0x00001024       0x2c C:\Users\student\Documents\MCUXpressoIDE_10.3.0_2200\workspace\lpc_chip_13xx\Debug\liblpc_chip_13xx.a(ssp_13xx.o)
 .text.Chip_SSP_SetSSPClkDivider
                0x00001050       0x2c C:\Users\student\Documents\MCUXpressoIDE_10.3.0_2200\workspace\lpc_chip_13xx\Debug\liblpc_chip_13xx.a(ssp_13xx.o)
 .text.Chip_SSP_GetPCLKkRate
                0x0000107c       0x44 C:\Users\student\Documents\MCUXpressoIDE_10.3.0_2200\workspace\lpc_chip_13xx\Debug\liblpc_chip_13xx.a(ssp_13xx.o)
 .text.Chip_SSP_SetClockRate
                0x000010c0       0x34 C:\Users\student\Documents\MCUXpressoIDE_10.3.0_2200\workspace\lpc_chip_13xx\Debug\liblpc_chip_13xx.a(ssp_13xx.o)
                0x000010c0                Chip_SSP_SetClockRate
 .text.Chip_SSP_SetMaster
                0x000010f4       0x2c C:\Users\student\Documents\MCUXpressoIDE_10.3.0_2200\workspace\lpc_chip_13xx\Debug\liblpc_chip_13xx.a(ssp_13xx.o)
                0x000010f4                Chip_SSP_SetMaster
 .text.Chip_SSP_SetBitRate
                0x00001120       0x6c C:\Users\student\Documents\MCUXpressoIDE_10.3.0_2200\workspace\lpc_chip_13xx\Debug\liblpc_chip_13xx.a(ssp_13xx.o)
                0x00001120                Chip_SSP_SetBitRate
 .text.Chip_SSP_Init
                0x0000118c       0x54 C:\Users\student\Documents\MCUXpressoIDE_10.3.0_2200\workspace\lpc_chip_13xx\Debug\liblpc_chip_13xx.a(ssp_13xx.o)
                0x0000118c                Chip_SSP_Init
 .text.Chip_SYSCTL_PowerDown
                0x000011e0       0x40 C:\Users\student\Documents\MCUXpressoIDE_10.3.0_2200\workspace\lpc_chip_13xx\Debug\liblpc_chip_13xx.a(sysctl_13xx.o)
                0x000011e0                Chip_SYSCTL_PowerDown
 .text.Chip_SYSCTL_PowerUp
                0x00001220       0x40 C:\Users\student\Documents\MCUXpressoIDE_10.3.0_2200\workspace\lpc_chip_13xx\Debug\liblpc_chip_13xx.a(sysctl_13xx.o)
                0x00001220                Chip_SYSCTL_PowerUp
 .text.Chip_Clock_SetupSystemPLL
                0x00001260       0x34 C:\Users\student\Documents\MCUXpressoIDE_10.3.0_2200\workspace\lpc_chip_13xx\Debug\liblpc_chip_13xx.a(sysinit_13xx.o)
 .text.Chip_Clock_IsSystemPLLLocked
                0x00001294       0x24 C:\Users\student\Documents\MCUXpressoIDE_10.3.0_2200\workspace\lpc_chip_13xx\Debug\liblpc_chip_13xx.a(sysinit_13xx.o)
 .text.Chip_Clock_SetSysClockDiv
                0x000012b8       0x1c C:\Users\student\Documents\MCUXpressoIDE_10.3.0_2200\workspace\lpc_chip_13xx\Debug\liblpc_chip_13xx.a(sysinit_13xx.o)
 .text.Chip_FMC_SetFLASHAccess
                0x000012d4       0x2c C:\Users\student\Documents\MCUXpressoIDE_10.3.0_2200\workspace\lpc_chip_13xx\Debug\liblpc_chip_13xx.a(sysinit_13xx.o)
 .text.Chip_SetupXtalClocking
                0x00001300       0x66 C:\Users\student\Documents\MCUXpressoIDE_10.3.0_2200\workspace\lpc_chip_13xx\Debug\liblpc_chip_13xx.a(sysinit_13xx.o)
                0x00001300                Chip_SetupXtalClocking
 .text.__weak_main
                0x00001366        0x4 c:/nxp/mcuxpressoide_10.3.0_2200/ide/plugins/com.nxp.mcuxpresso.tools.win32_10.3.0.201811011841/tools/bin/../lib/gcc/arm-none-eabi/7.3.1/../../../../arm-none-eabi/lib/thumb/v7-m\libcr_c.a(__weak__main.o)
                0x00001366                __weak_main
                0x00001366                __main
 .text.time     0x0000136a        0xe c:/nxp/mcuxpressoide_10.3.0_2200/ide/plugins/com.nxp.mcuxpresso.tools.win32_10.3.0.201811011841/tools/bin/../lib/gcc/arm-none-eabi/7.3.1/../../../../arm-none-eabi/lib/thumb/v7-m\libcr_c.a(cr_time.o)
                0x0000136a                time
 .text.fp_round
                0x00001378       0x4c c:/nxp/mcuxpressoide_10.3.0_2200/ide/plugins/com.nxp.mcuxpresso.tools.win32_10.3.0.201811011841/tools/bin/../lib/gcc/arm-none-eabi/7.3.1/../../../../arm-none-eabi/lib/thumb/v7-m\libcr_c.a(fpprintf.o)
 .text.pr_dec.constprop.1
                0x000013c4       0x26 c:/nxp/mcuxpressoide_10.3.0_2200/ide/plugins/com.nxp.mcuxpresso.tools.win32_10.3.0.201811011841/tools/bin/../lib/gcc/arm-none-eabi/7.3.1/../../../../arm-none-eabi/lib/thumb/v7-m\libcr_c.a(fpprintf.o)
 *fill*         0x000013ea        0x2 ff
 .text.sprintf  0x000013ec       0x6c c:/nxp/mcuxpressoide_10.3.0_2200/ide/plugins/com.nxp.mcuxpresso.tools.win32_10.3.0.201811011841/tools/bin/../lib/gcc/arm-none-eabi/7.3.1/../../../../arm-none-eabi/lib/thumb/v7-m\libcr_c.a(fpprintf.o)
                0x000013ec                sprintf
 .text.fp_display
                0x00001458      0x96c c:/nxp/mcuxpressoide_10.3.0_2200/ide/plugins/com.nxp.mcuxpresso.tools.win32_10.3.0.201811011841/tools/bin/../lib/gcc/arm-none-eabi/7.3.1/../../../../arm-none-eabi/lib/thumb/v7-m\libcr_c.a(fpprintf.o)
 .text.__vfprintf
                0x00001dc4      0xb8c c:/nxp/mcuxpressoide_10.3.0_2200/ide/plugins/com.nxp.mcuxpresso.tools.win32_10.3.0.201811011841/tools/bin/../lib/gcc/arm-none-eabi/7.3.1/../../../../arm-none-eabi/lib/thumb/v7-m\libcr_c.a(printf.o)
                0x00001dc4                __vfprintf
 .text.abs      0x00002950        0x8 c:/nxp/mcuxpressoide_10.3.0_2200/ide/plugins/com.nxp.mcuxpresso.tools.win32_10.3.0.201811011841/tools/bin/../lib/gcc/arm-none-eabi/7.3.1/../../../../arm-none-eabi/lib/thumb/v7-m\libcr_c.a(stdlib.o)
                0x00002950                abs
 .text.strlen   0x00002958       0x4a c:/nxp/mcuxpressoide_10.3.0_2200/ide/plugins/com.nxp.mcuxpresso.tools.win32_10.3.0.201811011841/tools/bin/../lib/gcc/arm-none-eabi/7.3.1/../../../../arm-none-eabi/lib/thumb/v7-m\libcr_c.a(strlen.o)
                0x00002958                strlen
 *fill*         0x000029a2        0x2 ff
 .text.localtime
                0x000029a4       0xc0 c:/nxp/mcuxpressoide_10.3.0_2200/ide/plugins/com.nxp.mcuxpresso.tools.win32_10.3.0.201811011841/tools/bin/../lib/gcc/arm-none-eabi/7.3.1/../../../../arm-none-eabi/lib/thumb/v7-m\libcr_c.a(time.o)
                0x000029a4                localtime
 .text.memset   0x00002a64        0x4 c:/nxp/mcuxpressoide_10.3.0_2200/ide/plugins/com.nxp.mcuxpresso.tools.win32_10.3.0.201811011841/tools/bin/../lib/gcc/arm-none-eabi/7.3.1/../../../../arm-none-eabi/lib/thumb/v7-m\libcr_c.a(memset.o)
                0x00002a64                memset
 .text._deferredlazyseek
                0x00002a68       0x40 c:/nxp/mcuxpressoide_10.3.0_2200/ide/plugins/com.nxp.mcuxpresso.tools.win32_10.3.0.201811011841/tools/bin/../lib/gcc/arm-none-eabi/7.3.1/../../../../arm-none-eabi/lib/thumb/v7-m\libcr_c.a(_deferredlazyseek.o)
                0x00002a68                _deferredlazyseek
 .text.__flsbuf
                0x00002aa8      0x140 c:/nxp/mcuxpressoide_10.3.0_2200/ide/plugins/com.nxp.mcuxpresso.tools.win32_10.3.0.201811011841/tools/bin/../lib/gcc/arm-none-eabi/7.3.1/../../../../arm-none-eabi/lib/thumb/v7-m\libcr_c.a(_deferredlazyseek.o)
                0x00002aa8                __flsbuf
 .text._fflush  0x00002be8       0x52 c:/nxp/mcuxpressoide_10.3.0_2200/ide/plugins/com.nxp.mcuxpresso.tools.win32_10.3.0.201811011841/tools/bin/../lib/gcc/arm-none-eabi/7.3.1/../../../../arm-none-eabi/lib/thumb/v7-m\libcr_c.a(_fflush.o)
                0x00002be8                _fflush
 .text._frexpl  0x00002c3a       0x56 c:/nxp/mcuxpressoide_10.3.0_2200/ide/plugins/com.nxp.mcuxpresso.tools.win32_10.3.0.201811011841/tools/bin/../lib/gcc/arm-none-eabi/7.3.1/../../../../arm-none-eabi/lib/thumb/v7-m\libcr_c.a(_frexpl.o)
                0x00002c3a                _frexpl
 .text._ldexpl  0x00002c90       0x4c c:/nxp/mcuxpressoide_10.3.0_2200/ide/plugins/com.nxp.mcuxpresso.tools.win32_10.3.0.201811011841/tools/bin/../lib/gcc/arm-none-eabi/7.3.1/../../../../arm-none-eabi/lib/thumb/v7-m\libcr_c.a(_ldexpl.o)
                0x00002c90                _ldexpl
 .text._Cwritebuf
                0x00002cdc       0x6c c:/nxp/mcuxpressoide_10.3.0_2200/ide/plugins/com.nxp.mcuxpresso.tools.win32_10.3.0.201811011841/tools/bin/../lib/gcc/arm-none-eabi/7.3.1/../../../../arm-none-eabi/lib/thumb/v7-m\libcr_c.a(_writebuf.o)
                0x00002cdc                _Cwritebuf
 .text.malloc   0x00002d48       0xc8 c:/nxp/mcuxpressoide_10.3.0_2200/ide/plugins/com.nxp.mcuxpresso.tools.win32_10.3.0.201811011841/tools/bin/../lib/gcc/arm-none-eabi/7.3.1/../../../../arm-none-eabi/lib/thumb/v7-m\libcr_c.a(alloc.o)
                0x00002d48                malloc
 .text._Csys_alloc
                0x00002e10       0x20 c:/nxp/mcuxpressoide_10.3.0_2200/ide/plugins/com.nxp.mcuxpresso.tools.win32_10.3.0.201811011841/tools/bin/../lib/gcc/arm-none-eabi/7.3.1/../../../../arm-none-eabi/lib/thumb/v7-m\libcr_c.a(alloc.o)
                0x00002e10                _Csys_alloc
 .text.fseek    0x00002e30      0x100 c:/nxp/mcuxpressoide_10.3.0_2200/ide/plugins/com.nxp.mcuxpresso.tools.win32_10.3.0.201811011841/tools/bin/../lib/gcc/arm-none-eabi/7.3.1/../../../../arm-none-eabi/lib/thumb/v7-m\libcr_c.a(fseek.o)
                0x00002e30                fseek
 .text.ftell    0x00002f30       0x44 c:/nxp/mcuxpressoide_10.3.0_2200/ide/plugins/com.nxp.mcuxpresso.tools.win32_10.3.0.201811011841/tools/bin/../lib/gcc/arm-none-eabi/7.3.1/../../../../arm-none-eabi/lib/thumb/v7-m\libcr_c.a(ftell.o)
                0x00002f30                ftell
 .text._sbrk    0x00002f74       0x3c c:/nxp/mcuxpressoide_10.3.0_2200/ide/plugins/com.nxp.mcuxpresso.tools.win32_10.3.0.201811011841/tools/bin/../lib/gcc/arm-none-eabi/7.3.1/../../../../arm-none-eabi/lib/thumb/v7-m\libcr_c.a(_cr_sbrk.o)
                0x00002f74                _sbrk
 .text.__check_heap_overflow
                0x00002fb0       0x18 c:/nxp/mcuxpressoide_10.3.0_2200/ide/plugins/com.nxp.mcuxpresso.tools.win32_10.3.0.201811011841/tools/bin/../lib/gcc/arm-none-eabi/7.3.1/../../../../arm-none-eabi/lib/thumb/v7-m\libcr_c.a(_cr_check_heap.o)
                0x00002fb0                __check_heap_overflow
 .text.__aeabi_dmul
                0x00002fc8      0x10c c:/nxp/mcuxpressoide_10.3.0_2200/ide/plugins/com.nxp.mcuxpresso.tools.win32_10.3.0.201811011841/tools/bin/../lib/gcc/arm-none-eabi/7.3.1/thumb/v7-m\libcr_eabihelpers.a(double.o)
                0x00002fc8                __aeabi_dmul
 .text.__aeabi_ddiv
                0x000030d4      0x130 c:/nxp/mcuxpressoide_10.3.0_2200/ide/plugins/com.nxp.mcuxpresso.tools.win32_10.3.0.201811011841/tools/bin/../lib/gcc/arm-none-eabi/7.3.1/thumb/v7-m\libcr_eabihelpers.a(double.o)
                0x000030d4                __aeabi_ddiv
 .text.__aeabi_dsub
                0x00003204      0x1b0 c:/nxp/mcuxpressoide_10.3.0_2200/ide/plugins/com.nxp.mcuxpresso.tools.win32_10.3.0.201811011841/tools/bin/../lib/gcc/arm-none-eabi/7.3.1/thumb/v7-m\libcr_eabihelpers.a(double.o)
                0x00003204                __aeabi_dsub
 .text.__aeabi_dadd
                0x000033b4      0x10c c:/nxp/mcuxpressoide_10.3.0_2200/ide/plugins/com.nxp.mcuxpresso.tools.win32_10.3.0.201811011841/tools/bin/../lib/gcc/arm-none-eabi/7.3.1/thumb/v7-m\libcr_eabihelpers.a(double.o)
                0x000033b4                __aeabi_dadd
 .text.__aeabi_d2iz
                0x000034c0       0x40 c:/nxp/mcuxpressoide_10.3.0_2200/ide/plugins/com.nxp.mcuxpresso.tools.win32_10.3.0.201811011841/tools/bin/../lib/gcc/arm-none-eabi/7.3.1/thumb/v7-m\libcr_eabihelpers.a(double.o)
                0x000034c0                __aeabi_d2iz
 .text.__bhs_ui2d
                0x00003500       0x46 c:/nxp/mcuxpressoide_10.3.0_2200/ide/plugins/com.nxp.mcuxpresso.tools.win32_10.3.0.201811011841/tools/bin/../lib/gcc/arm-none-eabi/7.3.1/thumb/v7-m\libcr_eabihelpers.a(double.o)
                0x00003500                __bhs_ui2d
 .text.__aeabi_i2d
                0x00003546       0x12 c:/nxp/mcuxpressoide_10.3.0_2200/ide/plugins/com.nxp.mcuxpresso.tools.win32_10.3.0.201811011841/tools/bin/../lib/gcc/arm-none-eabi/7.3.1/thumb/v7-m\libcr_eabihelpers.a(double.o)
                0x00003546                __aeabi_i2d
 .text.__aeabi_dcmpeq
                0x00003558       0x2c c:/nxp/mcuxpressoide_10.3.0_2200/ide/plugins/com.nxp.mcuxpresso.tools.win32_10.3.0.201811011841/tools/bin/../lib/gcc/arm-none-eabi/7.3.1/thumb/v7-m\libcr_eabihelpers.a(double.o)
                0x00003558                __aeabi_dcmpeq
 .text.__aeabi_dcmplt
                0x00003584       0x54 c:/nxp/mcuxpressoide_10.3.0_2200/ide/plugins/com.nxp.mcuxpresso.tools.win32_10.3.0.201811011841/tools/bin/../lib/gcc/arm-none-eabi/7.3.1/thumb/v7-m\libcr_eabihelpers.a(double.o)
                0x00003584                __aeabi_dcmplt
 .text.__aeabi_dcmple
                0x000035d8       0x54 c:/nxp/mcuxpressoide_10.3.0_2200/ide/plugins/com.nxp.mcuxpresso.tools.win32_10.3.0.201811011841/tools/bin/../lib/gcc/arm-none-eabi/7.3.1/thumb/v7-m\libcr_eabihelpers.a(double.o)
                0x000035d8                __aeabi_dcmple
 .text.__aeabi_dcmpge
                0x0000362c       0x54 c:/nxp/mcuxpressoide_10.3.0_2200/ide/plugins/com.nxp.mcuxpresso.tools.win32_10.3.0.201811011841/tools/bin/../lib/gcc/arm-none-eabi/7.3.1/thumb/v7-m\libcr_eabihelpers.a(double.o)
                0x0000362c                __aeabi_dcmpge
 .text.__aeabi_memset_lowlevel
                0x00003680       0x32 c:/nxp/mcuxpressoide_10.3.0_2200/ide/plugins/com.nxp.mcuxpresso.tools.win32_10.3.0.201811011841/tools/bin/../lib/gcc/arm-none-eabi/7.3.1/thumb/v7-m\libcr_eabihelpers.a(memcpy.o)
                0x00003680                __aeabi_lowlevel_memset
 *(.rodata .rodata.* .constdata .constdata.*)
 *fill*         0x000036b2        0x2 ff
 .rodata.FontSystem5x8
                0x000036b4      0x1e5 ./src/oled.o
                0x000036b4                FontSystem5x8
 *fill*         0x00003899        0x3 ff
 .rodata        0x0000389c       0x17 ./src/sp.o
 *fill*         0x000038b3        0x1 ff
 .rodata.OscRateIn
                0x000038b4        0x4 C:\Users\student\Documents\MCUXpressoIDE_10.3.0_2200\workspace\lpc_board_nxp_lpcxpresso_1347\Debug\liblpc_board_nxp_lpcxpresso_1347.a(board.o)
                0x000038b4                OscRateIn
 .rodata.pinmuxing
                0x000038b8       0x30 C:\Users\student\Documents\MCUXpressoIDE_10.3.0_2200\workspace\lpc_board_nxp_lpcxpresso_1347\Debug\liblpc_board_nxp_lpcxpresso_1347.a(board_sysinit.o)
 .rodata.wdtOSCRate
                0x000038e8       0x40 C:\Users\student\Documents\MCUXpressoIDE_10.3.0_2200\workspace\lpc_chip_13xx\Debug\liblpc_chip_13xx.a(clock_13xx.o)
 .rodata.fp_display.str1.1
                0x00003928       0x34 c:/nxp/mcuxpressoide_10.3.0_2200/ide/plugins/com.nxp.mcuxpresso.tools.win32_10.3.0.201811011841/tools/bin/../lib/gcc/arm-none-eabi/7.3.1/../../../../arm-none-eabi/lib/thumb/v7-m\libcr_c.a(fpprintf.o)
                                 0x35 (size before relaxing)
 .rodata.__vfprintf.str1.1
                0x0000395c       0x31 c:/nxp/mcuxpressoide_10.3.0_2200/ide/plugins/com.nxp.mcuxpresso.tools.win32_10.3.0.201811011841/tools/bin/../lib/gcc/arm-none-eabi/7.3.1/../../../../arm-none-eabi/lib/thumb/v7-m\libcr_c.a(printf.o)
                                 0x38 (size before relaxing)
 *fill*         0x0000398d        0x3 ff
 .rodata.monlen
                0x00003990       0x34 c:/nxp/mcuxpressoide_10.3.0_2200/ide/plugins/com.nxp.mcuxpresso.tools.win32_10.3.0.201811011841/tools/bin/../lib/gcc/arm-none-eabi/7.3.1/../../../../arm-none-eabi/lib/thumb/v7-m\libcr_c.a(time.o)
 .rodata._Csys_alloc.str1.1
                0x000039c4       0x18 c:/nxp/mcuxpressoide_10.3.0_2200/ide/plugins/com.nxp.mcuxpresso.tools.win32_10.3.0.201811011841/tools/bin/../lib/gcc/arm-none-eabi/7.3.1/../../../../arm-none-eabi/lib/thumb/v7-m\libcr_c.a(alloc.o)
 *fill*         0x000039dc        0x4 ff
 .rodata.__huge_vall
                0x000039e0        0x8 c:/nxp/mcuxpressoide_10.3.0_2200/ide/plugins/com.nxp.mcuxpresso.tools.win32_10.3.0.201811011841/tools/bin/../lib/gcc/arm-none-eabi/7.3.1/../../../../arm-none-eabi/lib/thumb/v7-m\libcr_c.a(_hugeval.o)
                0x000039e0                __huge_vall
                0x000039e8                . = ALIGN (0x4)

.glue_7         0x000039e8        0x0
 .glue_7        0x000039e8        0x0 linker stubs

.glue_7t        0x000039e8        0x0
 .glue_7t       0x000039e8        0x0 linker stubs

.vfp11_veneer   0x000039e8        0x0
 .vfp11_veneer  0x000039e8        0x0 linker stubs

.v4_bx          0x000039e8        0x0
 .v4_bx         0x000039e8        0x0 linker stubs

.iplt           0x000039e8        0x0
 .iplt          0x000039e8        0x0 ./src/cr_startup_lpc13uxx.o

.rel.dyn        0x000039e8        0x0
 .rel.iplt      0x000039e8        0x0 ./src/cr_startup_lpc13uxx.o

.ARM.extab
 *(.ARM.extab* .gnu.linkonce.armextab.*)
                0x000039e8                __exidx_start = .

.ARM.exidx
 *(.ARM.exidx* .gnu.linkonce.armexidx.*)
                0x000039e8                __exidx_end = .
                0x000039e8                _etext = .

.data_RAM2      0x20004000        0x0 load address 0x000039e8
 FILL mask 0xff
                [!provide]                PROVIDE (__start_data_RAM2 = .)
 *(.ramfunc.$RAM2)
 *(.ramfunc.$RamUsb2)
 *(.data.$RAM2*)
 *(.data.$RamUsb2*)
                0x20004000                . = ALIGN (0x4)
                [!provide]                PROVIDE (__end_data_RAM2 = .)

.data_RAM3      0x20000000        0x0 load address 0x000039e8
 FILL mask 0xff
                [!provide]                PROVIDE (__start_data_RAM3 = .)
 *(.ramfunc.$RAM3)
 *(.ramfunc.$RamPeriph2)
 *(.data.$RAM3*)
 *(.data.$RamPeriph2*)
                0x20000000                . = ALIGN (0x4)
                [!provide]                PROVIDE (__end_data_RAM3 = .)

.uninit_RESERVED
                0x10000000        0x0
 *(.bss.$RESERVED*)
                0x10000000                . = ALIGN (0x4)
                0x10000000                _end_uninit_RESERVED = .

.data           0x10000000        0x0 load address 0x000039e8
 FILL mask 0xff
                0x10000000                _data = .
 *(vtable)
 *(.ramfunc*)
 *(.data*)
                0x10000000                . = ALIGN (0x4)
                0x10000000                _edata = .

.igot.plt       0x10000000        0x0 load address 0x000039e8
 .igot.plt      0x10000000        0x0 ./src/cr_startup_lpc13uxx.o

.bss_RAM2       0x20004000        0x0
                [!provide]                PROVIDE (__start_bss_RAM2 = .)
 *(.bss.$RAM2*)
 *(.bss.$RamUsb2*)
                0x20004000                . = ALIGN ((. != 0x0)?0x4:0x1)
                [!provide]                PROVIDE (__end_bss_RAM2 = .)

.bss_RAM3       0x20000000        0x0
                [!provide]                PROVIDE (__start_bss_RAM3 = .)
 *(.bss.$RAM3*)
 *(.bss.$RamPeriph2*)
                0x20000000                . = ALIGN ((. != 0x0)?0x4:0x1)
                [!provide]                PROVIDE (__end_bss_RAM3 = .)

.bss            0x10000000      0x454
                0x10000000                _bss = .
 *(.bss*)
 .bss.s_chDispalyBuffer
                0x10000000      0x400 ./src/oled.o
 .bss.sbuffer   0x10000400       0x1e ./src/sp.o
                0x10000400                sbuffer
 *fill*         0x1000041e        0x2 
 .bss._tms.4117
                0x10000420       0x24 c:/nxp/mcuxpressoide_10.3.0_2200/ide/plugins/com.nxp.mcuxpresso.tools.win32_10.3.0.201811011841/tools/bin/../lib/gcc/arm-none-eabi/7.3.1/../../../../arm-none-eabi/lib/thumb/v7-m\libcr_c.a(time.o)
 .bss.errno     0x10000444        0x4 c:/nxp/mcuxpressoide_10.3.0_2200/ide/plugins/com.nxp.mcuxpresso.tools.win32_10.3.0.201811011841/tools/bin/../lib/gcc/arm-none-eabi/7.3.1/../../../../arm-none-eabi/lib/thumb/v7-m\libcr_c.a(errno.o)
                0x10000444                errno
 .bss.__end_of_heap
                0x10000448        0x4 c:/nxp/mcuxpressoide_10.3.0_2200/ide/plugins/com.nxp.mcuxpresso.tools.win32_10.3.0.201811011841/tools/bin/../lib/gcc/arm-none-eabi/7.3.1/../../../../arm-none-eabi/lib/thumb/v7-m\libcr_c.a(__init_alloc.o)
                0x10000448                __end_of_heap
 .bss.__heaps   0x1000044c        0x4 c:/nxp/mcuxpressoide_10.3.0_2200/ide/plugins/com.nxp.mcuxpresso.tools.win32_10.3.0.201811011841/tools/bin/../lib/gcc/arm-none-eabi/7.3.1/../../../../arm-none-eabi/lib/thumb/v7-m\libcr_c.a(__init_alloc.o)
                0x1000044c                __heaps
 *(COMMON)
 COMMON         0x10000450        0x4 C:\Users\student\Documents\MCUXpressoIDE_10.3.0_2200\workspace\lpc_chip_13xx\Debug\liblpc_chip_13xx.a(chip_13xx.o)
                0x10000450                SystemCoreClock
                0x10000454                . = ALIGN (0x4)
                0x10000454                _ebss = .
                [!provide]                PROVIDE (end = .)

.noinit_RAM2    0x20004000        0x0
 *(.noinit.$RAM2*)
 *(.noinit.$RamUsb2*)
                0x20004000                . = ALIGN (0x4)

.noinit_RAM3    0x20000000        0x0
 *(.noinit.$RAM3*)
 *(.noinit.$RamPeriph2*)
                0x20000000                . = ALIGN (0x4)

.noinit         0x10000454        0x0
                0x10000454                _noinit = .
 *(.noinit*)
                0x10000454                . = ALIGN (0x4)
                0x10000454                _end_noinit = .
                0x10000454                PROVIDE (_pvHeapStart = DEFINED (__user_heap_base)?__user_heap_base:.)
                0x10002000                PROVIDE (_vStackTop = DEFINED (__user_stack_top)?__user_stack_top:(__top_RamLoc8 - 0x0))
                0xefffd45e                PROVIDE (__valid_user_code_checksum = (0x0 - ((((((_vStackTop + (ResetISR + 0x1)) + (NMI_Handler + 0x1)) + (HardFault_Handler + 0x1)) + (DEFINED (MemManage_Handler)?MemManage_Handler:0x0 + 0x1)) + (DEFINED (BusFault_Handler)?BusFault_Handler:0x0 + 0x1)) + (DEFINED (UsageFault_Handler)?UsageFault_Handler:0x0 + 0x1))))
                0x00000000                _image_start = LOADADDR (.text)
                0x000039e8                _image_end = (LOADADDR (.data) + SIZEOF (.data))
                0x000039e8                _image_size = (_image_end - _image_start)
OUTPUT(sp.axf elf32-littlearm)

.debug_info     0x00000000     0x59ca
 .debug_info    0x00000000      0x274 ./src/cr_startup_lpc13uxx.o
 .debug_info    0x00000274       0x3f ./src/crp.o
 .debug_info    0x000002b3      0x8bd ./src/oled.o
 .debug_info    0x00000b70      0x33a ./src/sp.o
 .debug_info    0x00000eaa      0x210 ./src/sysinit.o
 .debug_info    0x000010ba      0x749 C:\Users\student\Documents\MCUXpressoIDE_10.3.0_2200\workspace\lpc_board_nxp_lpcxpresso_1347\Debug\liblpc_board_nxp_lpcxpresso_1347.a(board.o)
 .debug_info    0x00001803      0x8bf C:\Users\student\Documents\MCUXpressoIDE_10.3.0_2200\workspace\lpc_board_nxp_lpcxpresso_1347\Debug\liblpc_board_nxp_lpcxpresso_1347.a(board_sysinit.o)
 .debug_info    0x000020c2      0x5f9 C:\Users\student\Documents\MCUXpressoIDE_10.3.0_2200\workspace\lpc_chip_13xx\Debug\liblpc_chip_13xx.a(chip_13xx.o)
 .debug_info    0x000026bb      0x933 C:\Users\student\Documents\MCUXpressoIDE_10.3.0_2200\workspace\lpc_chip_13xx\Debug\liblpc_chip_13xx.a(clock_13xx.o)
 .debug_info    0x00002fee      0x9a6 C:\Users\student\Documents\MCUXpressoIDE_10.3.0_2200\workspace\lpc_chip_13xx\Debug\liblpc_chip_13xx.a(gpio_13xx_1.o)
 .debug_info    0x00003994      0x1ba C:\Users\student\Documents\MCUXpressoIDE_10.3.0_2200\workspace\lpc_chip_13xx\Debug\liblpc_chip_13xx.a(iocon_13xx.o)
 .debug_info    0x00003b4e     0x1116 C:\Users\student\Documents\MCUXpressoIDE_10.3.0_2200\workspace\lpc_chip_13xx\Debug\liblpc_chip_13xx.a(ssp_13xx.o)
 .debug_info    0x00004c64      0x5db C:\Users\student\Documents\MCUXpressoIDE_10.3.0_2200\workspace\lpc_chip_13xx\Debug\liblpc_chip_13xx.a(sysctl_13xx.o)
 .debug_info    0x0000523f      0x78b C:\Users\student\Documents\MCUXpressoIDE_10.3.0_2200\workspace\lpc_chip_13xx\Debug\liblpc_chip_13xx.a(sysinit_13xx.o)

.debug_abbrev   0x00000000     0x1534
 .debug_abbrev  0x00000000      0x139 ./src/cr_startup_lpc13uxx.o
 .debug_abbrev  0x00000139       0x36 ./src/crp.o
 .debug_abbrev  0x0000016f      0x29f ./src/oled.o
 .debug_abbrev  0x0000040e      0x12c ./src/sp.o
 .debug_abbrev  0x0000053a       0xc7 ./src/sysinit.o
 .debug_abbrev  0x00000601      0x23b C:\Users\student\Documents\MCUXpressoIDE_10.3.0_2200\workspace\lpc_board_nxp_lpcxpresso_1347\Debug\liblpc_board_nxp_lpcxpresso_1347.a(board.o)
 .debug_abbrev  0x0000083c      0x1c7 C:\Users\student\Documents\MCUXpressoIDE_10.3.0_2200\workspace\lpc_board_nxp_lpcxpresso_1347\Debug\liblpc_board_nxp_lpcxpresso_1347.a(board_sysinit.o)
 .debug_abbrev  0x00000a03      0x14d C:\Users\student\Documents\MCUXpressoIDE_10.3.0_2200\workspace\lpc_chip_13xx\Debug\liblpc_chip_13xx.a(chip_13xx.o)
 .debug_abbrev  0x00000b50      0x1d0 C:\Users\student\Documents\MCUXpressoIDE_10.3.0_2200\workspace\lpc_chip_13xx\Debug\liblpc_chip_13xx.a(clock_13xx.o)
 .debug_abbrev  0x00000d20      0x19d C:\Users\student\Documents\MCUXpressoIDE_10.3.0_2200\workspace\lpc_chip_13xx\Debug\liblpc_chip_13xx.a(gpio_13xx_1.o)
 .debug_abbrev  0x00000ebd       0xe5 C:\Users\student\Documents\MCUXpressoIDE_10.3.0_2200\workspace\lpc_chip_13xx\Debug\liblpc_chip_13xx.a(iocon_13xx.o)
 .debug_abbrev  0x00000fa2      0x2ef C:\Users\student\Documents\MCUXpressoIDE_10.3.0_2200\workspace\lpc_chip_13xx\Debug\liblpc_chip_13xx.a(ssp_13xx.o)
 .debug_abbrev  0x00001291      0x10c C:\Users\student\Documents\MCUXpressoIDE_10.3.0_2200\workspace\lpc_chip_13xx\Debug\liblpc_chip_13xx.a(sysctl_13xx.o)
 .debug_abbrev  0x0000139d      0x197 C:\Users\student\Documents\MCUXpressoIDE_10.3.0_2200\workspace\lpc_chip_13xx\Debug\liblpc_chip_13xx.a(sysinit_13xx.o)

.debug_aranges  0x00000000      0x5a8
 .debug_aranges
                0x00000000       0x80 ./src/cr_startup_lpc13uxx.o
 .debug_aranges
                0x00000080       0x18 ./src/crp.o
 .debug_aranges
                0x00000098       0x90 ./src/oled.o
 .debug_aranges
                0x00000128       0x20 ./src/sp.o
 .debug_aranges
                0x00000148       0x20 ./src/sysinit.o
 .debug_aranges
                0x00000168       0xc0 C:\Users\student\Documents\MCUXpressoIDE_10.3.0_2200\workspace\lpc_board_nxp_lpcxpresso_1347\Debug\liblpc_board_nxp_lpcxpresso_1347.a(board.o)
 .debug_aranges
                0x00000228       0x48 C:\Users\student\Documents\MCUXpressoIDE_10.3.0_2200\workspace\lpc_board_nxp_lpcxpresso_1347\Debug\liblpc_board_nxp_lpcxpresso_1347.a(board_sysinit.o)
 .debug_aranges
                0x00000270       0x38 C:\Users\student\Documents\MCUXpressoIDE_10.3.0_2200\workspace\lpc_chip_13xx\Debug\liblpc_chip_13xx.a(chip_13xx.o)
 .debug_aranges
                0x000002a8       0xa0 C:\Users\student\Documents\MCUXpressoIDE_10.3.0_2200\workspace\lpc_chip_13xx\Debug\liblpc_chip_13xx.a(clock_13xx.o)
 .debug_aranges
                0x00000348       0x78 C:\Users\student\Documents\MCUXpressoIDE_10.3.0_2200\workspace\lpc_chip_13xx\Debug\liblpc_chip_13xx.a(gpio_13xx_1.o)
 .debug_aranges
                0x000003c0       0x20 C:\Users\student\Documents\MCUXpressoIDE_10.3.0_2200\workspace\lpc_chip_13xx\Debug\liblpc_chip_13xx.a(iocon_13xx.o)
 .debug_aranges
                0x000003e0      0x140 C:\Users\student\Documents\MCUXpressoIDE_10.3.0_2200\workspace\lpc_chip_13xx\Debug\liblpc_chip_13xx.a(ssp_13xx.o)
 .debug_aranges
                0x00000520       0x38 C:\Users\student\Documents\MCUXpressoIDE_10.3.0_2200\workspace\lpc_chip_13xx\Debug\liblpc_chip_13xx.a(sysctl_13xx.o)
 .debug_aranges
                0x00000558       0x50 C:\Users\student\Documents\MCUXpressoIDE_10.3.0_2200\workspace\lpc_chip_13xx\Debug\liblpc_chip_13xx.a(sysinit_13xx.o)

.debug_ranges   0x00000000      0x4c0
 .debug_ranges  0x00000000       0x70 ./src/cr_startup_lpc13uxx.o
 .debug_ranges  0x00000070       0x80 ./src/oled.o
 .debug_ranges  0x000000f0       0x10 ./src/sp.o
 .debug_ranges  0x00000100       0x10 ./src/sysinit.o
 .debug_ranges  0x00000110       0xb0 C:\Users\student\Documents\MCUXpressoIDE_10.3.0_2200\workspace\lpc_board_nxp_lpcxpresso_1347\Debug\liblpc_board_nxp_lpcxpresso_1347.a(board.o)
 .debug_ranges  0x000001c0       0x38 C:\Users\student\Documents\MCUXpressoIDE_10.3.0_2200\workspace\lpc_board_nxp_lpcxpresso_1347\Debug\liblpc_board_nxp_lpcxpresso_1347.a(board_sysinit.o)
 .debug_ranges  0x000001f8       0x28 C:\Users\student\Documents\MCUXpressoIDE_10.3.0_2200\workspace\lpc_chip_13xx\Debug\liblpc_chip_13xx.a(chip_13xx.o)
 .debug_ranges  0x00000220       0x90 C:\Users\student\Documents\MCUXpressoIDE_10.3.0_2200\workspace\lpc_chip_13xx\Debug\liblpc_chip_13xx.a(clock_13xx.o)
 .debug_ranges  0x000002b0       0x68 C:\Users\student\Documents\MCUXpressoIDE_10.3.0_2200\workspace\lpc_chip_13xx\Debug\liblpc_chip_13xx.a(gpio_13xx_1.o)
 .debug_ranges  0x00000318       0x10 C:\Users\student\Documents\MCUXpressoIDE_10.3.0_2200\workspace\lpc_chip_13xx\Debug\liblpc_chip_13xx.a(iocon_13xx.o)
 .debug_ranges  0x00000328      0x130 C:\Users\student\Documents\MCUXpressoIDE_10.3.0_2200\workspace\lpc_chip_13xx\Debug\liblpc_chip_13xx.a(ssp_13xx.o)
 .debug_ranges  0x00000458       0x28 C:\Users\student\Documents\MCUXpressoIDE_10.3.0_2200\workspace\lpc_chip_13xx\Debug\liblpc_chip_13xx.a(sysctl_13xx.o)
 .debug_ranges  0x00000480       0x40 C:\Users\student\Documents\MCUXpressoIDE_10.3.0_2200\workspace\lpc_chip_13xx\Debug\liblpc_chip_13xx.a(sysinit_13xx.o)

.debug_macro    0x00000000     0x494f
 .debug_macro   0x00000000       0x1d ./src/cr_startup_lpc13uxx.o
 .debug_macro   0x0000001d      0xa6c ./src/cr_startup_lpc13uxx.o
 .debug_macro   0x00000a89       0x1a ./src/crp.o
 .debug_macro   0x00000aa3       0x34 ./src/crp.o
 .debug_macro   0x00000ad7      0x19e ./src/oled.o
 .debug_macro   0x00000c75       0x10 ./src/oled.o
 .debug_macro   0x00000c85      0x12d ./src/oled.o
 .debug_macro   0x00000db2      0x5b2 ./src/oled.o
 .debug_macro   0x00001364       0x22 ./src/oled.o
 .debug_macro   0x00001386       0x7b ./src/oled.o
 .debug_macro   0x00001401       0x10 ./src/oled.o
 .debug_macro   0x00001411       0x26 ./src/oled.o
 .debug_macro   0x00001437       0x3a ./src/oled.o
 .debug_macro   0x00001471       0x2d ./src/oled.o
 .debug_macro   0x0000149e      0xa7d ./src/oled.o
 .debug_macro   0x00001f1b      0x10f ./src/oled.o
 .debug_macro   0x0000202a       0xf1 ./src/oled.o
 .debug_macro   0x0000211b       0x10 ./src/oled.o
 .debug_macro   0x0000212b      0x145 ./src/oled.o
 .debug_macro   0x00002270       0x88 ./src/oled.o
 .debug_macro   0x000022f8      0x21b ./src/oled.o
 .debug_macro   0x00002513       0x40 ./src/oled.o
 .debug_macro   0x00002553       0x3a ./src/oled.o
 .debug_macro   0x0000258d       0xb9 ./src/oled.o
 .debug_macro   0x00002646       0x4c ./src/oled.o
 .debug_macro   0x00002692       0x16 ./src/oled.o
 .debug_macro   0x000026a8      0x31a ./src/oled.o
 .debug_macro   0x000029c2       0x5b ./src/oled.o
 .debug_macro   0x00002a1d       0x2e ./src/oled.o
 .debug_macro   0x00002a4b       0x1c ./src/oled.o
 .debug_macro   0x00002a67       0x22 ./src/oled.o
 .debug_macro   0x00002a89       0x18 ./src/oled.o
 .debug_macro   0x00002aa1       0x40 ./src/oled.o
 .debug_macro   0x00002ae1       0x22 ./src/oled.o
 .debug_macro   0x00002b03       0x76 ./src/oled.o
 .debug_macro   0x00002b79      0x1ce ./src/sp.o
 .debug_macro   0x00002d47       0x3a ./src/sp.o
 .debug_macro   0x00002d81       0x9a ./src/sp.o
 .debug_macro   0x00002e1b       0x20 ./src/sp.o
 .debug_macro   0x00002e3b       0x82 ./src/sp.o
 .debug_macro   0x00002ebd       0x10 ./src/sp.o
 .debug_macro   0x00002ecd      0x1b2 ./src/sysinit.o
 .debug_macro   0x0000307f      0x20a C:\Users\student\Documents\MCUXpressoIDE_10.3.0_2200\workspace\lpc_board_nxp_lpcxpresso_1347\Debug\liblpc_board_nxp_lpcxpresso_1347.a(board.o)
 .debug_macro   0x00003289      0xa66 C:\Users\student\Documents\MCUXpressoIDE_10.3.0_2200\workspace\lpc_board_nxp_lpcxpresso_1347\Debug\liblpc_board_nxp_lpcxpresso_1347.a(board.o)
 .debug_macro   0x00003cef       0x12 C:\Users\student\Documents\MCUXpressoIDE_10.3.0_2200\workspace\lpc_board_nxp_lpcxpresso_1347\Debug\liblpc_board_nxp_lpcxpresso_1347.a(board.o)
 .debug_macro   0x00003d01      0x1c0 C:\Users\student\Documents\MCUXpressoIDE_10.3.0_2200\workspace\lpc_board_nxp_lpcxpresso_1347\Debug\liblpc_board_nxp_lpcxpresso_1347.a(board_sysinit.o)
 .debug_macro   0x00003ec1      0x17c C:\Users\student\Documents\MCUXpressoIDE_10.3.0_2200\workspace\lpc_chip_13xx\Debug\liblpc_chip_13xx.a(chip_13xx.o)
 .debug_macro   0x0000403d      0x17c C:\Users\student\Documents\MCUXpressoIDE_10.3.0_2200\workspace\lpc_chip_13xx\Debug\liblpc_chip_13xx.a(clock_13xx.o)
 .debug_macro   0x000041b9      0x17c C:\Users\student\Documents\MCUXpressoIDE_10.3.0_2200\workspace\lpc_chip_13xx\Debug\liblpc_chip_13xx.a(gpio_13xx_1.o)
 .debug_macro   0x00004335      0x17c C:\Users\student\Documents\MCUXpressoIDE_10.3.0_2200\workspace\lpc_chip_13xx\Debug\liblpc_chip_13xx.a(iocon_13xx.o)
 .debug_macro   0x000044b1      0x17c C:\Users\student\Documents\MCUXpressoIDE_10.3.0_2200\workspace\lpc_chip_13xx\Debug\liblpc_chip_13xx.a(ssp_13xx.o)
 .debug_macro   0x0000462d      0x1a6 C:\Users\student\Documents\MCUXpressoIDE_10.3.0_2200\workspace\lpc_chip_13xx\Debug\liblpc_chip_13xx.a(sysctl_13xx.o)
 .debug_macro   0x000047d3      0x17c C:\Users\student\Documents\MCUXpressoIDE_10.3.0_2200\workspace\lpc_chip_13xx\Debug\liblpc_chip_13xx.a(sysinit_13xx.o)

.debug_line     0x00000000     0x3b62
 .debug_line    0x00000000       0xd5 ./src/cr_startup_lpc13uxx.o
 .debug_line    0x000000d5       0xb1 ./src/crp.o
 .debug_line    0x00000186      0x5e9 ./src/oled.o
 .debug_line    0x0000076f      0x4ca ./src/sp.o
 .debug_line    0x00000c39      0x413 ./src/sysinit.o
 .debug_line    0x0000104c      0x5dd C:\Users\student\Documents\MCUXpressoIDE_10.3.0_2200\workspace\lpc_board_nxp_lpcxpresso_1347\Debug\liblpc_board_nxp_lpcxpresso_1347.a(board.o)
 .debug_line    0x00001629      0x49f C:\Users\student\Documents\MCUXpressoIDE_10.3.0_2200\workspace\lpc_board_nxp_lpcxpresso_1347\Debug\liblpc_board_nxp_lpcxpresso_1347.a(board_sysinit.o)
 .debug_line    0x00001ac8      0x3d4 C:\Users\student\Documents\MCUXpressoIDE_10.3.0_2200\workspace\lpc_chip_13xx\Debug\liblpc_chip_13xx.a(chip_13xx.o)
 .debug_line    0x00001e9c      0x4f0 C:\Users\student\Documents\MCUXpressoIDE_10.3.0_2200\workspace\lpc_chip_13xx\Debug\liblpc_chip_13xx.a(clock_13xx.o)
 .debug_line    0x0000238c      0x47a C:\Users\student\Documents\MCUXpressoIDE_10.3.0_2200\workspace\lpc_chip_13xx\Debug\liblpc_chip_13xx.a(gpio_13xx_1.o)
 .debug_line    0x00002806      0x393 C:\Users\student\Documents\MCUXpressoIDE_10.3.0_2200\workspace\lpc_chip_13xx\Debug\liblpc_chip_13xx.a(iocon_13xx.o)
 .debug_line    0x00002b99      0x7ca C:\Users\student\Documents\MCUXpressoIDE_10.3.0_2200\workspace\lpc_chip_13xx\Debug\liblpc_chip_13xx.a(ssp_13xx.o)
 .debug_line    0x00003363      0x3cc C:\Users\student\Documents\MCUXpressoIDE_10.3.0_2200\workspace\lpc_chip_13xx\Debug\liblpc_chip_13xx.a(sysctl_13xx.o)
 .debug_line    0x0000372f      0x433 C:\Users\student\Documents\MCUXpressoIDE_10.3.0_2200\workspace\lpc_chip_13xx\Debug\liblpc_chip_13xx.a(sysinit_13xx.o)

.debug_str      0x00000000     0xe878
 .debug_str     0x00000000     0x2ecc ./src/cr_startup_lpc13uxx.o
                               0x2edf (size before relaxing)
 .debug_str     0x00002ecc       0xe9 ./src/crp.o
                               0x2de2 (size before relaxing)
 .debug_str     0x00002fb5     0x9643 ./src/oled.o
                               0xc435 (size before relaxing)
 .debug_str     0x0000c5f8      0x8bb ./src/sp.o
                               0xc568 (size before relaxing)
 .debug_str     0x0000ceb3       0x11 ./src/sysinit.o
                               0xc03e (size before relaxing)
 .debug_str     0x0000cec4      0x446 C:\Users\student\Documents\MCUXpressoIDE_10.3.0_2200\workspace\lpc_board_nxp_lpcxpresso_1347\Debug\liblpc_board_nxp_lpcxpresso_1347.a(board.o)
                               0xc3dc (size before relaxing)
 .debug_str     0x0000d30a      0x607 C:\Users\student\Documents\MCUXpressoIDE_10.3.0_2200\workspace\lpc_board_nxp_lpcxpresso_1347\Debug\liblpc_board_nxp_lpcxpresso_1347.a(board_sysinit.o)
                               0xc66a (size before relaxing)
 .debug_str     0x0000d911      0x188 C:\Users\student\Documents\MCUXpressoIDE_10.3.0_2200\workspace\lpc_chip_13xx\Debug\liblpc_chip_13xx.a(chip_13xx.o)
                               0xbff6 (size before relaxing)
 .debug_str     0x0000da99      0x4a3 C:\Users\student\Documents\MCUXpressoIDE_10.3.0_2200\workspace\lpc_chip_13xx\Debug\liblpc_chip_13xx.a(clock_13xx.o)
                               0xc424 (size before relaxing)
 .debug_str     0x0000df3c      0x132 C:\Users\student\Documents\MCUXpressoIDE_10.3.0_2200\workspace\lpc_chip_13xx\Debug\liblpc_chip_13xx.a(gpio_13xx_1.o)
                               0xc28d (size before relaxing)
 .debug_str     0x0000e06e       0x29 C:\Users\student\Documents\MCUXpressoIDE_10.3.0_2200\workspace\lpc_chip_13xx\Debug\liblpc_chip_13xx.a(iocon_13xx.o)
                               0xbc92 (size before relaxing)
 .debug_str     0x0000e097      0x4ff C:\Users\student\Documents\MCUXpressoIDE_10.3.0_2200\workspace\lpc_chip_13xx\Debug\liblpc_chip_13xx.a(ssp_13xx.o)
                               0xc913 (size before relaxing)
 .debug_str     0x0000e596      0x19f C:\Users\student\Documents\MCUXpressoIDE_10.3.0_2200\workspace\lpc_chip_13xx\Debug\liblpc_chip_13xx.a(sysctl_13xx.o)
                               0xc058 (size before relaxing)
 .debug_str     0x0000e735      0x143 C:\Users\student\Documents\MCUXpressoIDE_10.3.0_2200\workspace\lpc_chip_13xx\Debug\liblpc_chip_13xx.a(sysinit_13xx.o)
                               0xc0fe (size before relaxing)

.comment        0x00000000       0x7f
 .comment       0x00000000       0x7f ./src/cr_startup_lpc13uxx.o
                                 0x80 (size before relaxing)
 .comment       0x0000007f       0x80 ./src/crp.o
 .comment       0x0000007f       0x80 ./src/oled.o
 .comment       0x0000007f       0x80 ./src/sp.o
 .comment       0x0000007f       0x80 ./src/sysinit.o
 .comment       0x0000007f       0x80 C:\Users\student\Documents\MCUXpressoIDE_10.3.0_2200\workspace\lpc_board_nxp_lpcxpresso_1347\Debug\liblpc_board_nxp_lpcxpresso_1347.a(board.o)
 .comment       0x0000007f       0x80 C:\Users\student\Documents\MCUXpressoIDE_10.3.0_2200\workspace\lpc_board_nxp_lpcxpresso_1347\Debug\liblpc_board_nxp_lpcxpresso_1347.a(board_sysinit.o)
 .comment       0x0000007f       0x80 C:\Users\student\Documents\MCUXpressoIDE_10.3.0_2200\workspace\lpc_chip_13xx\Debug\liblpc_chip_13xx.a(chip_13xx.o)
 .comment       0x0000007f       0x80 C:\Users\student\Documents\MCUXpressoIDE_10.3.0_2200\workspace\lpc_chip_13xx\Debug\liblpc_chip_13xx.a(clock_13xx.o)
 .comment       0x0000007f       0x80 C:\Users\student\Documents\MCUXpressoIDE_10.3.0_2200\workspace\lpc_chip_13xx\Debug\liblpc_chip_13xx.a(gpio_13xx_1.o)
 .comment       0x0000007f       0x80 C:\Users\student\Documents\MCUXpressoIDE_10.3.0_2200\workspace\lpc_chip_13xx\Debug\liblpc_chip_13xx.a(iocon_13xx.o)
 .comment       0x0000007f       0x80 C:\Users\student\Documents\MCUXpressoIDE_10.3.0_2200\workspace\lpc_chip_13xx\Debug\liblpc_chip_13xx.a(ssp_13xx.o)
 .comment       0x0000007f       0x80 C:\Users\student\Documents\MCUXpressoIDE_10.3.0_2200\workspace\lpc_chip_13xx\Debug\liblpc_chip_13xx.a(sysctl_13xx.o)
 .comment       0x0000007f       0x80 C:\Users\student\Documents\MCUXpressoIDE_10.3.0_2200\workspace\lpc_chip_13xx\Debug\liblpc_chip_13xx.a(sysinit_13xx.o)
 .comment       0x0000007f       0x80 c:/nxp/mcuxpressoide_10.3.0_2200/ide/plugins/com.nxp.mcuxpresso.tools.win32_10.3.0.201811011841/tools/bin/../lib/gcc/arm-none-eabi/7.3.1/../../../../arm-none-eabi/lib/thumb/v7-m\libcr_c.a(__weak__main.o)
 .comment       0x0000007f       0x80 c:/nxp/mcuxpressoide_10.3.0_2200/ide/plugins/com.nxp.mcuxpresso.tools.win32_10.3.0.201811011841/tools/bin/../lib/gcc/arm-none-eabi/7.3.1/../../../../arm-none-eabi/lib/thumb/v7-m\libcr_c.a(cr_time.o)
 .comment       0x0000007f       0x80 c:/nxp/mcuxpressoide_10.3.0_2200/ide/plugins/com.nxp.mcuxpresso.tools.win32_10.3.0.201811011841/tools/bin/../lib/gcc/arm-none-eabi/7.3.1/../../../../arm-none-eabi/lib/thumb/v7-m\libcr_c.a(fpprintf.o)
 .comment       0x0000007f       0x80 c:/nxp/mcuxpressoide_10.3.0_2200/ide/plugins/com.nxp.mcuxpresso.tools.win32_10.3.0.201811011841/tools/bin/../lib/gcc/arm-none-eabi/7.3.1/../../../../arm-none-eabi/lib/thumb/v7-m\libcr_c.a(printf.o)
 .comment       0x0000007f       0x80 c:/nxp/mcuxpressoide_10.3.0_2200/ide/plugins/com.nxp.mcuxpresso.tools.win32_10.3.0.201811011841/tools/bin/../lib/gcc/arm-none-eabi/7.3.1/../../../../arm-none-eabi/lib/thumb/v7-m\libcr_c.a(stdlib.o)
 .comment       0x0000007f       0x80 c:/nxp/mcuxpressoide_10.3.0_2200/ide/plugins/com.nxp.mcuxpresso.tools.win32_10.3.0.201811011841/tools/bin/../lib/gcc/arm-none-eabi/7.3.1/../../../../arm-none-eabi/lib/thumb/v7-m\libcr_c.a(strlen.o)
 .comment       0x0000007f       0x80 c:/nxp/mcuxpressoide_10.3.0_2200/ide/plugins/com.nxp.mcuxpresso.tools.win32_10.3.0.201811011841/tools/bin/../lib/gcc/arm-none-eabi/7.3.1/../../../../arm-none-eabi/lib/thumb/v7-m\libcr_c.a(time.o)
 .comment       0x0000007f       0x80 c:/nxp/mcuxpressoide_10.3.0_2200/ide/plugins/com.nxp.mcuxpresso.tools.win32_10.3.0.201811011841/tools/bin/../lib/gcc/arm-none-eabi/7.3.1/../../../../arm-none-eabi/lib/thumb/v7-m\libcr_c.a(memset.o)
 .comment       0x0000007f       0x80 c:/nxp/mcuxpressoide_10.3.0_2200/ide/plugins/com.nxp.mcuxpresso.tools.win32_10.3.0.201811011841/tools/bin/../lib/gcc/arm-none-eabi/7.3.1/../../../../arm-none-eabi/lib/thumb/v7-m\libcr_c.a(_deferredlazyseek.o)
 .comment       0x0000007f       0x80 c:/nxp/mcuxpressoide_10.3.0_2200/ide/plugins/com.nxp.mcuxpresso.tools.win32_10.3.0.201811011841/tools/bin/../lib/gcc/arm-none-eabi/7.3.1/../../../../arm-none-eabi/lib/thumb/v7-m\libcr_c.a(_fflush.o)
 .comment       0x0000007f       0x80 c:/nxp/mcuxpressoide_10.3.0_2200/ide/plugins/com.nxp.mcuxpresso.tools.win32_10.3.0.201811011841/tools/bin/../lib/gcc/arm-none-eabi/7.3.1/../../../../arm-none-eabi/lib/thumb/v7-m\libcr_c.a(_frexpl.o)
 .comment       0x0000007f       0x80 c:/nxp/mcuxpressoide_10.3.0_2200/ide/plugins/com.nxp.mcuxpresso.tools.win32_10.3.0.201811011841/tools/bin/../lib/gcc/arm-none-eabi/7.3.1/../../../../arm-none-eabi/lib/thumb/v7-m\libcr_c.a(_ldexpl.o)
 .comment       0x0000007f       0x80 c:/nxp/mcuxpressoide_10.3.0_2200/ide/plugins/com.nxp.mcuxpresso.tools.win32_10.3.0.201811011841/tools/bin/../lib/gcc/arm-none-eabi/7.3.1/../../../../arm-none-eabi/lib/thumb/v7-m\libcr_c.a(_writebuf.o)
 .comment       0x0000007f       0x80 c:/nxp/mcuxpressoide_10.3.0_2200/ide/plugins/com.nxp.mcuxpresso.tools.win32_10.3.0.201811011841/tools/bin/../lib/gcc/arm-none-eabi/7.3.1/../../../../arm-none-eabi/lib/thumb/v7-m\libcr_c.a(alloc.o)
 .comment       0x0000007f       0x80 c:/nxp/mcuxpressoide_10.3.0_2200/ide/plugins/com.nxp.mcuxpresso.tools.win32_10.3.0.201811011841/tools/bin/../lib/gcc/arm-none-eabi/7.3.1/../../../../arm-none-eabi/lib/thumb/v7-m\libcr_c.a(errno.o)
 .comment       0x0000007f       0x80 c:/nxp/mcuxpressoide_10.3.0_2200/ide/plugins/com.nxp.mcuxpresso.tools.win32_10.3.0.201811011841/tools/bin/../lib/gcc/arm-none-eabi/7.3.1/../../../../arm-none-eabi/lib/thumb/v7-m\libcr_c.a(fseek.o)
 .comment       0x0000007f       0x80 c:/nxp/mcuxpressoide_10.3.0_2200/ide/plugins/com.nxp.mcuxpresso.tools.win32_10.3.0.201811011841/tools/bin/../lib/gcc/arm-none-eabi/7.3.1/../../../../arm-none-eabi/lib/thumb/v7-m\libcr_c.a(ftell.o)
 .comment       0x0000007f       0x80 c:/nxp/mcuxpressoide_10.3.0_2200/ide/plugins/com.nxp.mcuxpresso.tools.win32_10.3.0.201811011841/tools/bin/../lib/gcc/arm-none-eabi/7.3.1/../../../../arm-none-eabi/lib/thumb/v7-m\libcr_c.a(__init_alloc.o)
 .comment       0x0000007f       0x80 c:/nxp/mcuxpressoide_10.3.0_2200/ide/plugins/com.nxp.mcuxpresso.tools.win32_10.3.0.201811011841/tools/bin/../lib/gcc/arm-none-eabi/7.3.1/../../../../arm-none-eabi/lib/thumb/v7-m\libcr_c.a(_cr_sbrk.o)
 .comment       0x0000007f       0x80 c:/nxp/mcuxpressoide_10.3.0_2200/ide/plugins/com.nxp.mcuxpresso.tools.win32_10.3.0.201811011841/tools/bin/../lib/gcc/arm-none-eabi/7.3.1/../../../../arm-none-eabi/lib/thumb/v7-m\libcr_c.a(_hugeval.o)
 .comment       0x0000007f       0x80 c:/nxp/mcuxpressoide_10.3.0_2200/ide/plugins/com.nxp.mcuxpresso.tools.win32_10.3.0.201811011841/tools/bin/../lib/gcc/arm-none-eabi/7.3.1/../../../../arm-none-eabi/lib/thumb/v7-m\libcr_c.a(_cr_check_heap.o)
 .comment       0x0000007f       0x80 c:/nxp/mcuxpressoide_10.3.0_2200/ide/plugins/com.nxp.mcuxpresso.tools.win32_10.3.0.201811011841/tools/bin/../lib/gcc/arm-none-eabi/7.3.1/thumb/v7-m\libcr_eabihelpers.a(double.o)

.ARM.attributes
                0x00000000       0x31
 .ARM.attributes
                0x00000000       0x33 ./src/cr_startup_lpc13uxx.o
 .ARM.attributes
                0x00000033       0x33 ./src/crp.o
 .ARM.attributes
                0x00000066       0x33 ./src/oled.o
 .ARM.attributes
                0x00000099       0x33 ./src/sp.o
 .ARM.attributes
                0x000000cc       0x33 ./src/sysinit.o
 .ARM.attributes
                0x000000ff       0x33 C:\Users\student\Documents\MCUXpressoIDE_10.3.0_2200\workspace\lpc_board_nxp_lpcxpresso_1347\Debug\liblpc_board_nxp_lpcxpresso_1347.a(board.o)
 .ARM.attributes
                0x00000132       0x33 C:\Users\student\Documents\MCUXpressoIDE_10.3.0_2200\workspace\lpc_board_nxp_lpcxpresso_1347\Debug\liblpc_board_nxp_lpcxpresso_1347.a(board_sysinit.o)
 .ARM.attributes
                0x00000165       0x33 C:\Users\student\Documents\MCUXpressoIDE_10.3.0_2200\workspace\lpc_chip_13xx\Debug\liblpc_chip_13xx.a(chip_13xx.o)
 .ARM.attributes
                0x00000198       0x33 C:\Users\student\Documents\MCUXpressoIDE_10.3.0_2200\workspace\lpc_chip_13xx\Debug\liblpc_chip_13xx.a(clock_13xx.o)
 .ARM.attributes
                0x000001cb       0x33 C:\Users\student\Documents\MCUXpressoIDE_10.3.0_2200\workspace\lpc_chip_13xx\Debug\liblpc_chip_13xx.a(gpio_13xx_1.o)
 .ARM.attributes
                0x000001fe       0x33 C:\Users\student\Documents\MCUXpressoIDE_10.3.0_2200\workspace\lpc_chip_13xx\Debug\liblpc_chip_13xx.a(iocon_13xx.o)
 .ARM.attributes
                0x00000231       0x33 C:\Users\student\Documents\MCUXpressoIDE_10.3.0_2200\workspace\lpc_chip_13xx\Debug\liblpc_chip_13xx.a(ssp_13xx.o)
 .ARM.attributes
                0x00000264       0x33 C:\Users\student\Documents\MCUXpressoIDE_10.3.0_2200\workspace\lpc_chip_13xx\Debug\liblpc_chip_13xx.a(sysctl_13xx.o)
 .ARM.attributes
                0x00000297       0x33 C:\Users\student\Documents\MCUXpressoIDE_10.3.0_2200\workspace\lpc_chip_13xx\Debug\liblpc_chip_13xx.a(sysinit_13xx.o)
 .ARM.attributes
                0x000002ca       0x33 c:/nxp/mcuxpressoide_10.3.0_2200/ide/plugins/com.nxp.mcuxpresso.tools.win32_10.3.0.201811011841/tools/bin/../lib/gcc/arm-none-eabi/7.3.1/../../../../arm-none-eabi/lib/thumb/v7-m\libcr_c.a(__weak__main.o)
 .ARM.attributes
                0x000002fd       0x33 c:/nxp/mcuxpressoide_10.3.0_2200/ide/plugins/com.nxp.mcuxpresso.tools.win32_10.3.0.201811011841/tools/bin/../lib/gcc/arm-none-eabi/7.3.1/../../../../arm-none-eabi/lib/thumb/v7-m\libcr_c.a(cr_time.o)
 .ARM.attributes
                0x00000330       0x33 c:/nxp/mcuxpressoide_10.3.0_2200/ide/plugins/com.nxp.mcuxpresso.tools.win32_10.3.0.201811011841/tools/bin/../lib/gcc/arm-none-eabi/7.3.1/../../../../arm-none-eabi/lib/thumb/v7-m\libcr_c.a(fpprintf.o)
 .ARM.attributes
                0x00000363       0x33 c:/nxp/mcuxpressoide_10.3.0_2200/ide/plugins/com.nxp.mcuxpresso.tools.win32_10.3.0.201811011841/tools/bin/../lib/gcc/arm-none-eabi/7.3.1/../../../../arm-none-eabi/lib/thumb/v7-m\libcr_c.a(printf.o)
 .ARM.attributes
                0x00000396       0x33 c:/nxp/mcuxpressoide_10.3.0_2200/ide/plugins/com.nxp.mcuxpresso.tools.win32_10.3.0.201811011841/tools/bin/../lib/gcc/arm-none-eabi/7.3.1/../../../../arm-none-eabi/lib/thumb/v7-m\libcr_c.a(stdlib.o)
 .ARM.attributes
                0x000003c9       0x33 c:/nxp/mcuxpressoide_10.3.0_2200/ide/plugins/com.nxp.mcuxpresso.tools.win32_10.3.0.201811011841/tools/bin/../lib/gcc/arm-none-eabi/7.3.1/../../../../arm-none-eabi/lib/thumb/v7-m\libcr_c.a(strlen.o)
 .ARM.attributes
                0x000003fc       0x33 c:/nxp/mcuxpressoide_10.3.0_2200/ide/plugins/com.nxp.mcuxpresso.tools.win32_10.3.0.201811011841/tools/bin/../lib/gcc/arm-none-eabi/7.3.1/../../../../arm-none-eabi/lib/thumb/v7-m\libcr_c.a(time.o)
 .ARM.attributes
                0x0000042f       0x33 c:/nxp/mcuxpressoide_10.3.0_2200/ide/plugins/com.nxp.mcuxpresso.tools.win32_10.3.0.201811011841/tools/bin/../lib/gcc/arm-none-eabi/7.3.1/../../../../arm-none-eabi/lib/thumb/v7-m\libcr_c.a(memset.o)
 .ARM.attributes
                0x00000462       0x33 c:/nxp/mcuxpressoide_10.3.0_2200/ide/plugins/com.nxp.mcuxpresso.tools.win32_10.3.0.201811011841/tools/bin/../lib/gcc/arm-none-eabi/7.3.1/../../../../arm-none-eabi/lib/thumb/v7-m\libcr_c.a(_deferredlazyseek.o)
 .ARM.attributes
                0x00000495       0x33 c:/nxp/mcuxpressoide_10.3.0_2200/ide/plugins/com.nxp.mcuxpresso.tools.win32_10.3.0.201811011841/tools/bin/../lib/gcc/arm-none-eabi/7.3.1/../../../../arm-none-eabi/lib/thumb/v7-m\libcr_c.a(_fflush.o)
 .ARM.attributes
                0x000004c8       0x33 c:/nxp/mcuxpressoide_10.3.0_2200/ide/plugins/com.nxp.mcuxpresso.tools.win32_10.3.0.201811011841/tools/bin/../lib/gcc/arm-none-eabi/7.3.1/../../../../arm-none-eabi/lib/thumb/v7-m\libcr_c.a(_frexpl.o)
 .ARM.attributes
                0x000004fb       0x33 c:/nxp/mcuxpressoide_10.3.0_2200/ide/plugins/com.nxp.mcuxpresso.tools.win32_10.3.0.201811011841/tools/bin/../lib/gcc/arm-none-eabi/7.3.1/../../../../arm-none-eabi/lib/thumb/v7-m\libcr_c.a(_ldexpl.o)
 .ARM.attributes
                0x0000052e       0x33 c:/nxp/mcuxpressoide_10.3.0_2200/ide/plugins/com.nxp.mcuxpresso.tools.win32_10.3.0.201811011841/tools/bin/../lib/gcc/arm-none-eabi/7.3.1/../../../../arm-none-eabi/lib/thumb/v7-m\libcr_c.a(_writebuf.o)
 .ARM.attributes
                0x00000561       0x33 c:/nxp/mcuxpressoide_10.3.0_2200/ide/plugins/com.nxp.mcuxpresso.tools.win32_10.3.0.201811011841/tools/bin/../lib/gcc/arm-none-eabi/7.3.1/../../../../arm-none-eabi/lib/thumb/v7-m\libcr_c.a(alloc.o)
 .ARM.attributes
                0x00000594       0x33 c:/nxp/mcuxpressoide_10.3.0_2200/ide/plugins/com.nxp.mcuxpresso.tools.win32_10.3.0.201811011841/tools/bin/../lib/gcc/arm-none-eabi/7.3.1/../../../../arm-none-eabi/lib/thumb/v7-m\libcr_c.a(errno.o)
 .ARM.attributes
                0x000005c7       0x33 c:/nxp/mcuxpressoide_10.3.0_2200/ide/plugins/com.nxp.mcuxpresso.tools.win32_10.3.0.201811011841/tools/bin/../lib/gcc/arm-none-eabi/7.3.1/../../../../arm-none-eabi/lib/thumb/v7-m\libcr_c.a(fseek.o)
 .ARM.attributes
                0x000005fa       0x33 c:/nxp/mcuxpressoide_10.3.0_2200/ide/plugins/com.nxp.mcuxpresso.tools.win32_10.3.0.201811011841/tools/bin/../lib/gcc/arm-none-eabi/7.3.1/../../../../arm-none-eabi/lib/thumb/v7-m\libcr_c.a(ftell.o)
 .ARM.attributes
                0x0000062d       0x33 c:/nxp/mcuxpressoide_10.3.0_2200/ide/plugins/com.nxp.mcuxpresso.tools.win32_10.3.0.201811011841/tools/bin/../lib/gcc/arm-none-eabi/7.3.1/../../../../arm-none-eabi/lib/thumb/v7-m\libcr_c.a(__init_alloc.o)
 .ARM.attributes
                0x00000660       0x33 c:/nxp/mcuxpressoide_10.3.0_2200/ide/plugins/com.nxp.mcuxpresso.tools.win32_10.3.0.201811011841/tools/bin/../lib/gcc/arm-none-eabi/7.3.1/../../../../arm-none-eabi/lib/thumb/v7-m\libcr_c.a(_cr_sbrk.o)
 .ARM.attributes
                0x00000693       0x33 c:/nxp/mcuxpressoide_10.3.0_2200/ide/plugins/com.nxp.mcuxpresso.tools.win32_10.3.0.201811011841/tools/bin/../lib/gcc/arm-none-eabi/7.3.1/../../../../arm-none-eabi/lib/thumb/v7-m\libcr_c.a(_hugeval.o)
 .ARM.attributes
                0x000006c6       0x33 c:/nxp/mcuxpressoide_10.3.0_2200/ide/plugins/com.nxp.mcuxpresso.tools.win32_10.3.0.201811011841/tools/bin/../lib/gcc/arm-none-eabi/7.3.1/../../../../arm-none-eabi/lib/thumb/v7-m\libcr_c.a(_cr_check_heap.o)
 .ARM.attributes
                0x000006f9       0x33 c:/nxp/mcuxpressoide_10.3.0_2200/ide/plugins/com.nxp.mcuxpresso.tools.win32_10.3.0.201811011841/tools/bin/../lib/gcc/arm-none-eabi/7.3.1/thumb/v7-m\libcr_eabihelpers.a(double.o)
 .ARM.attributes
                0x0000072c       0x21 c:/nxp/mcuxpressoide_10.3.0_2200/ide/plugins/com.nxp.mcuxpresso.tools.win32_10.3.0.201811011841/tools/bin/../lib/gcc/arm-none-eabi/7.3.1/thumb/v7-m\libcr_eabihelpers.a(memcpy.o)

.debug_frame    0x00000000     0x1420
 .debug_frame   0x00000000      0x170 ./src/cr_startup_lpc13uxx.o
 .debug_frame   0x00000170      0x238 ./src/oled.o
 .debug_frame   0x000003a8       0x30 ./src/sp.o
 .debug_frame   0x000003d8       0x2c ./src/sysinit.o
 .debug_frame   0x00000404      0x2f0 C:\Users\student\Documents\MCUXpressoIDE_10.3.0_2200\workspace\lpc_board_nxp_lpcxpresso_1347\Debug\liblpc_board_nxp_lpcxpresso_1347.a(board.o)
 .debug_frame   0x000006f4       0xd8 C:\Users\student\Documents\MCUXpressoIDE_10.3.0_2200\workspace\lpc_board_nxp_lpcxpresso_1347\Debug\liblpc_board_nxp_lpcxpresso_1347.a(board_sysinit.o)
 .debug_frame   0x000007cc       0x90 C:\Users\student\Documents\MCUXpressoIDE_10.3.0_2200\workspace\lpc_chip_13xx\Debug\liblpc_chip_13xx.a(chip_13xx.o)
 .debug_frame   0x0000085c      0x274 C:\Users\student\Documents\MCUXpressoIDE_10.3.0_2200\workspace\lpc_chip_13xx\Debug\liblpc_chip_13xx.a(clock_13xx.o)
 .debug_frame   0x00000ad0      0x1e0 C:\Users\student\Documents\MCUXpressoIDE_10.3.0_2200\workspace\lpc_chip_13xx\Debug\liblpc_chip_13xx.a(gpio_13xx_1.o)
 .debug_frame   0x00000cb0       0x38 C:\Users\student\Documents\MCUXpressoIDE_10.3.0_2200\workspace\lpc_chip_13xx\Debug\liblpc_chip_13xx.a(iocon_13xx.o)
 .debug_frame   0x00000ce8      0x584 C:\Users\student\Documents\MCUXpressoIDE_10.3.0_2200\workspace\lpc_chip_13xx\Debug\liblpc_chip_13xx.a(ssp_13xx.o)
 .debug_frame   0x0000126c       0xb0 C:\Users\student\Documents\MCUXpressoIDE_10.3.0_2200\workspace\lpc_chip_13xx\Debug\liblpc_chip_13xx.a(sysctl_13xx.o)
 .debug_frame   0x0000131c      0x104 C:\Users\student\Documents\MCUXpressoIDE_10.3.0_2200\workspace\lpc_chip_13xx\Debug\liblpc_chip_13xx.a(sysinit_13xx.o)
